src/ml/workers/useFaceDetector.ts(16,6): error TS2322: Type '"cpu"' is not assignable to type 'TensorflowModelDelegate'.
src/ml/workers/useFaceDetector.ts(52,47): error TS2322: Type 'ArrayBufferLike' is not assignable to type 'ArrayBuffer'.
  Type 'SharedArrayBuffer' is not assignable to type 'ArrayBuffer'.
    Types of property '[Symbol.toStringTag]' are incompatible.
      Type '"SharedArrayBuffer"' is not assignable to type '"ArrayBuffer"'.
